Report End Points: 
-----+-------+------+-------+------+-----+-----+------+---------------+-------------
     |Group  |Launch|Capture|Shift |Delay|Depth|Slack |Begin Point    |End Point    
-----+-------+------+-------+------+-----+-----+------+---------------+-------------
1    |default|sysclk|sysclk |1500.0|141.6|    8|1179.3|mem_reg[9][8]/Q|temp_reg[8]/D
2    |default|sysclk|sysclk |1500.0|141.6|    8|1179.3|mem_reg[9][7]/Q|temp_reg[7]/D
3    |default|sysclk|sysclk |1500.0|138.4|    8|1181.8|mem_reg[9][1]/Q|temp_reg[1]/D
-----+-------+------+-------+------+-----+-----+------+---------------+-------------
Report End Points: 
-----+-----+--------------+-------+-----+-----+-----+------+-----------+---------------
     |Group|Launch        |Capture|Shift|Delay|Depth|Slack |Begin Point|End Point      
-----+-----+--------------+-------+-----+-----+-----+------+-----------+---------------
1    |I2R  |rtDefaultClock|sysclk |750.0|170.3|    7|-151.6|address[3] |temp_reg[1]/D  
2    |I2R  |rtDefaultClock|sysclk |750.0|170.3|    7|-151.6|address[3] |temp_reg[0]/D  
3    |I2R  |rtDefaultClock|sysclk |750.0|167.7|    7|-150.1|address[6] |mem_reg[6][0]/D
-----+-----+--------------+-------+-----+-----+-----+------+-----------+---------------
Report End Points: 
-----+-----+------+-------+-----+-----+-----+-----+-----------+---------
     |Group|Launch|Capture|Shift|Delay|Depth|Slack|Begin Point|End Point
-----+-----+------+-------+-----+-----+-----+-----+-----------+---------
1    |I2O  |      |       |     |     |     |     |           |         
-----+-----+------+-------+-----+-----+-----+-----+-----------+---------
Report End Points: 
-----+-----+------+-------+-----+-----+-----+--------+--------------+-----------
     |Group|Launch|Capture|Shift|Delay|Depth|Slack   |Begin Point   |End Point  
-----+-----+------+-------+-----+-----+-----+--------+--------------+-----------
1    |R2O  |sysclk|vsysclk|750.0|  2.0|    0|-17400.0|temp_reg[7]/Q |dataout[7] 
2    |R2O  |sysclk|vsysclk|750.0|  1.9|    0|-17399.9|temp_reg[15]/Q|dataout[15]
3    |R2O  |sysclk|vsysclk|750.0|  1.9|    0|-17399.9|temp_reg[8]/Q |dataout[8] 
-----+-----+------+-------+-----+-----+-----+--------+--------------+-----------
