Report for group default
------------------------------------------------------------------------------------------------------------------------------------------------------------
Startpoint: mem_reg[9][8]/Q
    (Clocked by sysclk F)
Endpoint: temp_reg[8]/D
    (Clocked by sysclk F)
Path Group: default
Data required time: 1469.4
    (Clock shift: 1500.0, minus Uncertainty: 0.0, plus Latency 0.0, minus Setup time: 30.6)
Data arrival time: 290.1
Slack: 1179.3
Logic depth: 8
------------------------------------------------------------------------------------------------------------------------------------------------------------
                                                     Arrival               Arc      Net               Net    Total   fan-                                   
Path                     Module/Cell           Edge     Time    Delay    Delay    Delay     Slew     Load     Load    out     Location Power Domain      (V)
                                                        (ps)     (ps)     (ps)     (ps)     (ps)     (ff)     (ff)    (#)      (um,um)                      
------------------------------------------------------------------------------------------------------------------------------------------------------------
clk                      {create_clock}           f      0.0      0.0      0.0                        0.0      0.0      1    78,    0                       
i_0_204_0/A->ZN          INV_X1                  fr      0.0      0.0      0.0      0.0      0.0      0.0      0.0    192    79,   79  /PD_TOP        (1.10)
mem_reg[9][8]/CK->Q      DFF_X1#*                rr    148.5    148.5    148.5      0.0      0.0      1.9     35.2      3    79,   79  /PD_TOP        (1.10)
i_0_8_19/A->ZN           INV_X8                  rf    155.5      7.0      7.0      0.0     15.3      0.6      4.5      1    79,   79  /PD_TOP        (1.10)
i_0_8_13/A2->ZN          NAND2_X4                fr    170.0     14.5     14.5      0.0      3.5      0.7      5.1      1    79,   79  /PD_TOP        (1.10)
i_0_8_11/A3->ZN          NAND3_X4                rf    191.8     21.8     21.8      0.0      9.9      0.7      4.9      1    79,   79  /PD_TOP        (1.10)
i_0_8_8/B2->ZN           AOI21_X4                fr    224.2     32.4     32.4      0.0     11.2      0.7      4.6      1    79,   79  /PD_TOP        (1.10)
i_0_8_1/A2->ZN           NAND2_X4                rf    253.3     29.1     29.1      0.0     22.0      0.6     26.0      1    79,   79  /PD_TOP        (1.10)
i_0_8_30/A->ZN           INV_X8                  fr    266.1     12.8     12.8      0.0     15.9      0.6      4.5      1    79,   79  /PD_TOP        (1.10)
i_0_8_31/A2->ZN          NAND2_X4                rf    278.6     12.5     12.5      0.0      5.3      0.6      4.4      1    79,   79  /PD_TOP        (1.10)
i_0_8_35/A1->ZN          NAND2_X2                fr    290.1     11.5     11.5      0.0      7.0      0.7      1.8      1    79,   79  /PD_TOP        (1.10)
temp_reg[8]/D            DFF_X2#                  r    290.1      0.0               0.0      8.2                             79,   79  /PD_TOP        (1.10)
------------------------------------------------------------------------------------------------------------------------------------------------------------
Report for group I2R
------------------------------------------------------------------------------------------------------------------------------------------------------------
Startpoint: address[3]
    (Clocked by rtDefaultClock R)
Endpoint: temp_reg[1]/D
    (Clocked by sysclk F)
Path Group: I2R
Data required time: 718.7
    (Clock shift: 750.0, minus Uncertainty: 0.0, plus Latency 0.0, minus Setup time: 31.3)
Data arrival time: 870.3
Slack: -151.6
Logic depth: 7
------------------------------------------------------------------------------------------------------------------------------------------------------------
                                                     Arrival               Arc      Net               Net    Total   fan-                                   
Path                     Module/Cell           Edge     Time    Delay    Delay    Delay     Slew     Load     Load    out     Location Power Domain      (V)
                                                        (ps)     (ps)     (ps)     (ps)     (ps)     (ff)     (ff)    (#)      (um,um)                      
------------------------------------------------------------------------------------------------------------------------------------------------------------
address[3]               {set_input_delay}        f    700.0    700.0    700.0                      164.3   3999.0    221    76,    0                       
i_0_4_241/A->ZN          INV_X32                 fr    740.7     40.7     38.8      1.9    100.0      6.3     41.5      9    79,   79  /PD_TOP        (1.10)
i_0_4_240/A1->ZN         NAND2_X4                rf    764.6     23.9     23.7      0.2      8.4      0.6     26.0      1    79,   79  /PD_TOP        (1.10)
i_0_4_213/A->ZN          INV_X32                 fr    782.1     17.5     17.5      0.0     15.9      5.7     39.3      8    79,   79  /PD_TOP        (1.10)
i_0_4_57/B2->ZN          AOI21_X4                rf    796.9     14.8     14.7      0.1      8.2      0.8      4.9      1    79,   79  /PD_TOP        (1.10)
i_0_4_251/B2->ZN         AOI22_X4                fr    842.9     46.0     46.0      0.0      8.0      0.7      4.5      1    79,   79  /PD_TOP        (1.10)
i_0_191_3/A1->ZN         NAND2_X4                rf    858.8     15.9     15.9      0.0     25.1      0.6      4.4      1    79,   79  /PD_TOP        (1.10)
i_0_191_0/A1->ZN         NAND2_X2                fr    870.3     11.5     11.5      0.0      7.0      0.7      1.8      1    79,   79  /PD_TOP        (1.10)
temp_reg[1]/D            DFF_X1#                  r    870.3      0.0               0.0      8.2                             79,   79  /PD_TOP        (1.10)
------------------------------------------------------------------------------------------------------------------------------------------------------------
Report for group I2O
Report for group R2O
------------------------------------------------------------------------------------------------------------------------------------------------------------
Startpoint: temp_reg[7]/Q
    (Clocked by sysclk F)
Endpoint: dataout[7]
    (Clocked by vsysclk R)
Path Group: R2O
Data required time: -17250.0
    (Clock shift: 750.0, minus Uncertainty: 0.0, plus Latency 0.0, minus Out delay: 18000.0)
Data arrival time: 150.0
Slack: -17400.0
Logic depth: 0
------------------------------------------------------------------------------------------------------------------------------------------------------------
                                                     Arrival               Arc      Net               Net    Total   fan-                                   
Path                     Module/Cell           Edge     Time    Delay    Delay    Delay     Slew     Load     Load    out     Location Power Domain      (V)
                                                        (ps)     (ps)     (ps)     (ps)     (ps)     (ff)     (ff)    (#)      (um,um)                      
------------------------------------------------------------------------------------------------------------------------------------------------------------
clk                      {create_clock}           f      0.0      0.0      0.0                        0.0      0.0      1    78,    0                       
i_0_204_0/A->ZN          INV_X1                  fr      0.0      0.0      0.0      0.0      0.0      0.0      0.0    192    79,   79  /PD_TOP        (1.10)
temp_reg[7]/CK->Q        DFF_X2#*                rr    148.0    148.0    148.0      0.0      0.0     11.3     46.8      2    79,   79  /PD_TOP        (1.10)
dataout[7]                                        r    150.0      2.0               2.0     15.3                             75,    0                       
------------------------------------------------------------------------------------------------------------------------------------------------------------
