Report End Points: 
-----+-------+------+-------+-----+-----+-----+-----+-----------+---------
     |Group  |Launch|Capture|Shift|Delay|Depth|Slack|Begin Point|End Point
-----+-------+------+-------+-----+-----+-----+-----+-----------+---------
1    |default|      |       |     |     |     |     |           |         
-----+-------+------+-------+-----+-----+-----+-----+-----------+---------
Report End Points: 
-----+-----+------+-------+-----+-----+-----+-----+-----------+---------
     |Group|Launch|Capture|Shift|Delay|Depth|Slack|Begin Point|End Point
-----+-----+------+-------+-----+-----+-----+-----+-----------+---------
1    |I2R  |      |       |     |     |     |     |           |         
-----+-----+------+-------+-----+-----+-----+-----+-----------+---------
Report End Points: 
-----+-----+--------------+-------+-------+-----+-----+-------+-----------+----------
     |Group|Launch        |Capture|Shift  |Delay|Depth|Slack  |Begin Point|End Point 
-----+-----+--------------+-------+-------+-----+-----+-------+-----------+----------
1    |I2O  |rtDefaultClock|vsysclk|60000.0|247.7|    3|41052.3|in1[0]     |bitIndx[1]
2    |I2O  |rtDefaultClock|vsysclk|60000.0|204.6|    2|41095.4|in1[0]     |bitIndx[0]
3    |I2O  |rtDefaultClock|vsysclk|60000.0|200.8|    3|41099.2|in1[0]     |bitIndx[2]
-----+-----+--------------+-------+-------+-----+-----+-------+-----------+----------
Report End Points: 
-----+-----+------+-------+-----+-----+-----+-----+-----------+---------
     |Group|Launch|Capture|Shift|Delay|Depth|Slack|Begin Point|End Point
-----+-----+------+-------+-----+-----+-----+-----+-----------+---------
1    |R2O  |      |       |     |     |     |     |           |         
-----+-----+------+-------+-----+-----+-----+-----+-----------+---------
